Analysis & Synthesis report for uart
Sun Mar 29 19:19:17 2026
Quartus Prime Version 18.1.0 Build 625 09/12/2018 SJ Lite Edition


---------------------
; Table of Contents ;
---------------------
  1. Legal Notice
  2. Analysis & Synthesis Summary
  3. Analysis & Synthesis Settings
  4. Analysis & Synthesis Source Files Read
  5. Analysis & Synthesis Resource Usage Summary
  6. Analysis & Synthesis Resource Utilization by Entity
  7. Analysis & Synthesis RAM Summary
  8. State Machine - |uart_top_with_fifo|uart_tx_fixed:tx_inst|state
  9. State Machine - |uart_top_with_fifo|uart_rx:rx_inst|state
 10. Registers Removed During Synthesis
 11. General Register Statistics
 12. Inverted Register Statistics
 13. Registers Added for RAM Pass-Through Logic
 14. Multiplexer Restructuring Statistics (Restructuring Performed)
 15. Source assignments for fifo:rx_fifo_inst|altsyncram:memory_rtl_0|altsyncram_5pd1:auto_generated
 16. Source assignments for fifo:tx_fifo_inst|altsyncram:memory_rtl_0|altsyncram_5pd1:auto_generated
 17. Parameter Settings for User Entity Instance: Top-level Entity: |uart_top_with_fifo
 18. Parameter Settings for User Entity Instance: baud_gen_fixed:baud_gen_inst
 19. Parameter Settings for User Entity Instance: fifo:rx_fifo_inst
 20. Parameter Settings for User Entity Instance: fifo:tx_fifo_inst
 21. Parameter Settings for Inferred Entity Instance: fifo:rx_fifo_inst|altsyncram:memory_rtl_0
 22. Parameter Settings for Inferred Entity Instance: fifo:tx_fifo_inst|altsyncram:memory_rtl_0
 23. altsyncram Parameter Settings by Entity Instance
 24. Port Connectivity Checks: "fifo:tx_fifo_inst"
 25. Port Connectivity Checks: "fifo:rx_fifo_inst"
 26. Port Connectivity Checks: "uart_tx_fixed:tx_inst"
 27. Post-Synthesis Netlist Statistics for Top Partition
 28. Elapsed Time Per Partition
 29. Analysis & Synthesis Messages



----------------
; Legal Notice ;
----------------
Copyright (C) 2018  Intel Corporation. All rights reserved.
Your use of Intel Corporation's design tools, logic functions 
and other software and tools, and its AMPP partner logic 
functions, and any output files from any of the foregoing 
(including device programming or simulation files), and any 
associated documentation or information are expressly subject 
to the terms and conditions of the Intel Program License 
Subscription Agreement, the Intel Quartus Prime License Agreement,
the Intel FPGA IP License Agreement, or other applicable license
agreement, including, without limitation, that your use is for
the sole purpose of programming logic devices manufactured by
Intel and sold by Intel or its authorized distributors.  Please
refer to the applicable agreement for further details.



+----------------------------------------------------------------------------------+
; Analysis & Synthesis Summary                                                     ;
+------------------------------------+---------------------------------------------+
; Analysis & Synthesis Status        ; Successful - Sun Mar 29 19:19:17 2026       ;
; Quartus Prime Version              ; 18.1.0 Build 625 09/12/2018 SJ Lite Edition ;
; Revision Name                      ; uart                                        ;
; Top-level Entity Name              ; uart_top_with_fifo                          ;
; Family                             ; Cyclone IV E                                ;
; Total logic elements               ; 315                                         ;
;     Total combinational functions  ; 249                                         ;
;     Dedicated logic registers      ; 178                                         ;
; Total registers                    ; 178                                         ;
; Total pins                         ; 31                                          ;
; Total virtual pins                 ; 0                                           ;
; Total memory bits                  ; 256                                         ;
; Embedded Multiplier 9-bit elements ; 0                                           ;
; Total PLLs                         ; 0                                           ;
+------------------------------------+---------------------------------------------+


+------------------------------------------------------------------------------------------------------------+
; Analysis & Synthesis Settings                                                                              ;
+------------------------------------------------------------------+--------------------+--------------------+
; Option                                                           ; Setting            ; Default Value      ;
+------------------------------------------------------------------+--------------------+--------------------+
; Device                                                           ; EP4CE6E22C8        ;                    ;
; Top-level entity name                                            ; uart_top_with_fifo ; uart               ;
; Family name                                                      ; Cyclone IV E       ; Cyclone V          ;
; Use smart compilation                                            ; Off                ; Off                ;
; Enable parallel Assembler and Timing Analyzer during compilation ; On                 ; On                 ;
; Enable compact report table                                      ; Off                ; Off                ;
; Restructure Multiplexers                                         ; Auto               ; Auto               ;
; Create Debugging Nodes for IP Cores                              ; Off                ; Off                ;
; Preserve fewer node names                                        ; On                 ; On                 ;
; Intel FPGA IP Evaluation Mode                                    ; Enable             ; Enable             ;
; Verilog Version                                                  ; Verilog_2001       ; Verilog_2001       ;
; VHDL Version                                                     ; VHDL_1993          ; VHDL_1993          ;
; State Machine Processing                                         ; Auto               ; Auto               ;
; Safe State Machine                                               ; Off                ; Off                ;
; Extract Verilog State Machines                                   ; On                 ; On                 ;
; Extract VHDL State Machines                                      ; On                 ; On                 ;
; Ignore Verilog initial constructs                                ; Off                ; Off                ;
; Iteration limit for constant Verilog loops                       ; 5000               ; 5000               ;
; Iteration limit for non-constant Verilog loops                   ; 250                ; 250                ;
; Add Pass-Through Logic to Inferred RAMs                          ; On                 ; On                 ;
; Infer RAMs from Raw Logic                                        ; On                 ; On                 ;
; Parallel Synthesis                                               ; On                 ; On                 ;
; DSP Block Balancing                                              ; Auto               ; Auto               ;
; NOT Gate Push-Back                                               ; On                 ; On                 ;
; Power-Up Don't Care                                              ; On                 ; On                 ;
; Remove Redundant Logic Cells                                     ; Off                ; Off                ;
; Remove Duplicate Registers                                       ; On                 ; On                 ;
; Ignore CARRY Buffers                                             ; Off                ; Off                ;
; Ignore CASCADE Buffers                                           ; Off                ; Off                ;
; Ignore GLOBAL Buffers                                            ; Off                ; Off                ;
; Ignore ROW GLOBAL Buffers                                        ; Off                ; Off                ;
; Ignore LCELL Buffers                                             ; Off                ; Off                ;
; Ignore SOFT Buffers                                              ; On                 ; On                 ;
; Limit AHDL Integers to 32 Bits                                   ; Off                ; Off                ;
; Optimization Technique                                           ; Balanced           ; Balanced           ;
; Carry Chain Length                                               ; 70                 ; 70                 ;
; Auto Carry Chains                                                ; On                 ; On                 ;
; Auto Open-Drain Pins                                             ; On                 ; On                 ;
; Perform WYSIWYG Primitive Resynthesis                            ; Off                ; Off                ;
; Auto ROM Replacement                                             ; On                 ; On                 ;
; Auto RAM Replacement                                             ; On                 ; On                 ;
; Auto DSP Block Replacement                                       ; On                 ; On                 ;
; Auto Shift Register Replacement                                  ; Auto               ; Auto               ;
; Allow Shift Register Merging across Hierarchies                  ; Auto               ; Auto               ;
; Auto Clock Enable Replacement                                    ; On                 ; On                 ;
; Strict RAM Replacement                                           ; Off                ; Off                ;
; Allow Synchronous Control Signals                                ; On                 ; On                 ;
; Force Use of Synchronous Clear Signals                           ; Off                ; Off                ;
; Auto RAM Block Balancing                                         ; On                 ; On                 ;
; Auto RAM to Logic Cell Conversion                                ; Off                ; Off                ;
; Auto Resource Sharing                                            ; Off                ; Off                ;
; Allow Any RAM Size For Recognition                               ; Off                ; Off                ;
; Allow Any ROM Size For Recognition                               ; Off                ; Off                ;
; Allow Any Shift Register Size For Recognition                    ; Off                ; Off                ;
; Use LogicLock Constraints during Resource Balancing              ; On                 ; On                 ;
; Ignore translate_off and synthesis_off directives                ; Off                ; Off                ;
; Timing-Driven Synthesis                                          ; On                 ; On                 ;
; Report Parameter Settings                                        ; On                 ; On                 ;
; Report Source Assignments                                        ; On                 ; On                 ;
; Report Connectivity Checks                                       ; On                 ; On                 ;
; Ignore Maximum Fan-Out Assignments                               ; Off                ; Off                ;
; Synchronization Register Chain Length                            ; 2                  ; 2                  ;
; Power Optimization During Synthesis                              ; Normal compilation ; Normal compilation ;
; HDL message level                                                ; Level2             ; Level2             ;
; Suppress Register Optimization Related Messages                  ; Off                ; Off                ;
; Number of Removed Registers Reported in Synthesis Report         ; 5000               ; 5000               ;
; Number of Swept Nodes Reported in Synthesis Report               ; 5000               ; 5000               ;
; Number of Inverted Registers Reported in Synthesis Report        ; 100                ; 100                ;
; Clock MUX Protection                                             ; On                 ; On                 ;
; Auto Gated Clock Conversion                                      ; Off                ; Off                ;
; Block Design Naming                                              ; Auto               ; Auto               ;
; SDC constraint protection                                        ; Off                ; Off                ;
; Synthesis Effort                                                 ; Auto               ; Auto               ;
; Shift Register Replacement - Allow Asynchronous Clear Signal     ; On                 ; On                 ;
; Pre-Mapping Resynthesis Optimization                             ; Off                ; Off                ;
; Analysis & Synthesis Message Level                               ; Medium             ; Medium             ;
; Disable Register Merging Across Hierarchies                      ; Auto               ; Auto               ;
; Resource Aware Inference For Block RAM                           ; On                 ; On                 ;
+------------------------------------------------------------------+--------------------+--------------------+


+----------------------------------------------------------------------------------------------------------------------------------------------------------------------------------------+
; Analysis & Synthesis Source Files Read                                                                                                                                                 ;
+----------------------------------+-----------------+------------------------------+------------------------------------------------------------------------------------------+---------+
; File Name with User-Entered Path ; Used in Netlist ; File Type                    ; File Name with Absolute Path                                                             ; Library ;
+----------------------------------+-----------------+------------------------------+------------------------------------------------------------------------------------------+---------+
; uart_tx_fixed.v                  ; yes             ; User Verilog HDL File        ; /home/vboxuser/Desktop/UART-Command-Data-System-V2-main/RTL/uart_tx_fixed.v              ;         ;
; uart_top_with_fifo.v             ; yes             ; User Verilog HDL File        ; /home/vboxuser/Desktop/UART-Command-Data-System-V2-main/RTL/uart_top_with_fifo.v         ;         ;
; uart_rx.v                        ; yes             ; User Verilog HDL File        ; /home/vboxuser/Desktop/UART-Command-Data-System-V2-main/RTL/uart_rx.v                    ;         ;
; fifo.v                           ; yes             ; User Verilog HDL File        ; /home/vboxuser/Desktop/UART-Command-Data-System-V2-main/RTL/fifo.v                       ;         ;
; baud_gen_fixed.v                 ; yes             ; User Verilog HDL File        ; /home/vboxuser/Desktop/UART-Command-Data-System-V2-main/RTL/baud_gen_fixed.v             ;         ;
; altsyncram.tdf                   ; yes             ; Megafunction                 ; /home/vboxuser/intelFPGA_lite/18.1/quartus/libraries/megafunctions/altsyncram.tdf        ;         ;
; stratix_ram_block.inc            ; yes             ; Megafunction                 ; /home/vboxuser/intelFPGA_lite/18.1/quartus/libraries/megafunctions/stratix_ram_block.inc ;         ;
; lpm_mux.inc                      ; yes             ; Megafunction                 ; /home/vboxuser/intelFPGA_lite/18.1/quartus/libraries/megafunctions/lpm_mux.inc           ;         ;
; lpm_decode.inc                   ; yes             ; Megafunction                 ; /home/vboxuser/intelFPGA_lite/18.1/quartus/libraries/megafunctions/lpm_decode.inc        ;         ;
; aglobal181.inc                   ; yes             ; Megafunction                 ; /home/vboxuser/intelFPGA_lite/18.1/quartus/libraries/megafunctions/aglobal181.inc        ;         ;
; a_rdenreg.inc                    ; yes             ; Megafunction                 ; /home/vboxuser/intelFPGA_lite/18.1/quartus/libraries/megafunctions/a_rdenreg.inc         ;         ;
; altrom.inc                       ; yes             ; Megafunction                 ; /home/vboxuser/intelFPGA_lite/18.1/quartus/libraries/megafunctions/altrom.inc            ;         ;
; altram.inc                       ; yes             ; Megafunction                 ; /home/vboxuser/intelFPGA_lite/18.1/quartus/libraries/megafunctions/altram.inc            ;         ;
; altdpram.inc                     ; yes             ; Megafunction                 ; /home/vboxuser/intelFPGA_lite/18.1/quartus/libraries/megafunctions/altdpram.inc          ;         ;
; db/altsyncram_5pd1.tdf           ; yes             ; Auto-Generated Megafunction  ; /home/vboxuser/Desktop/UART-Command-Data-System-V2-main/RTL/db/altsyncram_5pd1.tdf       ;         ;
+----------------------------------+-----------------+------------------------------+------------------------------------------------------------------------------------------+---------+


+---------------------------------------------------------+
; Analysis & Synthesis Resource Usage Summary             ;
+---------------------------------------------+-----------+
; Resource                                    ; Usage     ;
+---------------------------------------------+-----------+
; Estimated Total logic elements              ; 315       ;
;                                             ;           ;
; Total combinational functions               ; 249       ;
; Logic element usage by number of LUT inputs ;           ;
;     -- 4 input functions                    ; 115       ;
;     -- 3 input functions                    ; 75        ;
;     -- <=2 input functions                  ; 59        ;
;                                             ;           ;
; Logic elements by mode                      ;           ;
;     -- normal mode                          ; 208       ;
;     -- arithmetic mode                      ; 41        ;
;                                             ;           ;
; Total registers                             ; 178       ;
;     -- Dedicated logic registers            ; 178       ;
;     -- I/O registers                        ; 0         ;
;                                             ;           ;
; I/O pins                                    ; 31        ;
; Total memory bits                           ; 256       ;
;                                             ;           ;
; Embedded Multiplier 9-bit elements          ; 0         ;
;                                             ;           ;
; Maximum fan-out node                        ; clk~input ;
; Maximum fan-out                             ; 194       ;
; Total fan-out                               ; 1576      ;
; Average fan-out                             ; 3.12      ;
+---------------------------------------------+-----------+


+---------------------------------------------------------------------------------------------------------------------------------------------------------------------------------------------------------------------------------------------------------------------------------------------------------+
; Analysis & Synthesis Resource Utilization by Entity                                                                                                                                                                                                                                                     ;
+-------------------------------------------+---------------------+---------------------------+-------------+--------------+---------+-----------+------+--------------+----------------------------------------------------------------------------------------------+--------------------+--------------+
; Compilation Hierarchy Node                ; Combinational ALUTs ; Dedicated Logic Registers ; Memory Bits ; DSP Elements ; DSP 9x9 ; DSP 18x18 ; Pins ; Virtual Pins ; Full Hierarchy Name                                                                          ; Entity Name        ; Library Name ;
+-------------------------------------------+---------------------+---------------------------+-------------+--------------+---------+-----------+------+--------------+----------------------------------------------------------------------------------------------+--------------------+--------------+
; |uart_top_with_fifo                       ; 249 (86)            ; 178 (50)                  ; 256         ; 0            ; 0       ; 0         ; 31   ; 0            ; |uart_top_with_fifo                                                                          ; uart_top_with_fifo ; work         ;
;    |baud_gen_fixed:baud_gen_inst|         ; 11 (11)             ; 5 (5)                     ; 0           ; 0            ; 0       ; 0         ; 0    ; 0            ; |uart_top_with_fifo|baud_gen_fixed:baud_gen_inst                                             ; baud_gen_fixed     ; work         ;
;    |fifo:rx_fifo_inst|                    ; 43 (43)             ; 36 (36)                   ; 128         ; 0            ; 0       ; 0         ; 0    ; 0            ; |uart_top_with_fifo|fifo:rx_fifo_inst                                                        ; fifo               ; work         ;
;       |altsyncram:memory_rtl_0|           ; 0 (0)               ; 0 (0)                     ; 128         ; 0            ; 0       ; 0         ; 0    ; 0            ; |uart_top_with_fifo|fifo:rx_fifo_inst|altsyncram:memory_rtl_0                                ; altsyncram         ; work         ;
;          |altsyncram_5pd1:auto_generated| ; 0 (0)               ; 0 (0)                     ; 128         ; 0            ; 0       ; 0         ; 0    ; 0            ; |uart_top_with_fifo|fifo:rx_fifo_inst|altsyncram:memory_rtl_0|altsyncram_5pd1:auto_generated ; altsyncram_5pd1    ; work         ;
;    |fifo:tx_fifo_inst|                    ; 27 (27)             ; 36 (36)                   ; 128         ; 0            ; 0       ; 0         ; 0    ; 0            ; |uart_top_with_fifo|fifo:tx_fifo_inst                                                        ; fifo               ; work         ;
;       |altsyncram:memory_rtl_0|           ; 0 (0)               ; 0 (0)                     ; 128         ; 0            ; 0       ; 0         ; 0    ; 0            ; |uart_top_with_fifo|fifo:tx_fifo_inst|altsyncram:memory_rtl_0                                ; altsyncram         ; work         ;
;          |altsyncram_5pd1:auto_generated| ; 0 (0)               ; 0 (0)                     ; 128         ; 0            ; 0       ; 0         ; 0    ; 0            ; |uart_top_with_fifo|fifo:tx_fifo_inst|altsyncram:memory_rtl_0|altsyncram_5pd1:auto_generated ; altsyncram_5pd1    ; work         ;
;    |uart_rx:rx_inst|                      ; 33 (33)             ; 30 (30)                   ; 0           ; 0            ; 0       ; 0         ; 0    ; 0            ; |uart_top_with_fifo|uart_rx:rx_inst                                                          ; uart_rx            ; work         ;
;    |uart_tx_fixed:tx_inst|                ; 49 (49)             ; 21 (21)                   ; 0           ; 0            ; 0       ; 0         ; 0    ; 0            ; |uart_top_with_fifo|uart_tx_fixed:tx_inst                                                    ; uart_tx_fixed      ; work         ;
+-------------------------------------------+---------------------+---------------------------+-------------+--------------+---------+-----------+------+--------------+----------------------------------------------------------------------------------------------+--------------------+--------------+
Note: For table entries with two numbers listed, the numbers in parentheses indicate the number of resources of the given type used by the specific entity alone. The numbers listed outside of parentheses indicate the total resources of the given type used by the specific entity and all of its sub-entities in the hierarchy.


+-----------------------------------------------------------------------------------------------------------------------------------------------------------------------------------------+
; Analysis & Synthesis RAM Summary                                                                                                                                                        ;
+-------------------------------------------------------------------------------------+------+------------------+--------------+--------------+--------------+--------------+------+------+
; Name                                                                                ; Type ; Mode             ; Port A Depth ; Port A Width ; Port B Depth ; Port B Width ; Size ; MIF  ;
+-------------------------------------------------------------------------------------+------+------------------+--------------+--------------+--------------+--------------+------+------+
; fifo:rx_fifo_inst|altsyncram:memory_rtl_0|altsyncram_5pd1:auto_generated|ALTSYNCRAM ; AUTO ; Simple Dual Port ; 16           ; 8            ; 16           ; 8            ; 128  ; None ;
; fifo:tx_fifo_inst|altsyncram:memory_rtl_0|altsyncram_5pd1:auto_generated|ALTSYNCRAM ; AUTO ; Simple Dual Port ; 16           ; 8            ; 16           ; 8            ; 128  ; None ;
+-------------------------------------------------------------------------------------+------+------------------+--------------+--------------+--------------+--------------+------+------+


Encoding Type:  One-Hot
+------------------------------------------------------------------+
; State Machine - |uart_top_with_fifo|uart_tx_fixed:tx_inst|state  ;
+-------------+------------+------------+-------------+------------+
; Name        ; state.STOP ; state.DATA ; state.START ; state.IDLE ;
+-------------+------------+------------+-------------+------------+
; state.IDLE  ; 0          ; 0          ; 0           ; 0          ;
; state.START ; 0          ; 0          ; 1           ; 1          ;
; state.DATA  ; 0          ; 1          ; 0           ; 1          ;
; state.STOP  ; 1          ; 0          ; 0           ; 1          ;
+-------------+------------+------------+-------------+------------+


Encoding Type:  One-Hot
+-------------------------------------------------------------------------------------------------+
; State Machine - |uart_top_with_fifo|uart_rx:rx_inst|state                                       ;
+----------------+---------------+---------------+----------------+---------------+---------------+
; Name           ; state.ST_STOP ; state.ST_DATA ; state.ST_START ; state.ST_IDLE ; state.ST_DONE ;
+----------------+---------------+---------------+----------------+---------------+---------------+
; state.ST_IDLE  ; 0             ; 0             ; 0              ; 0             ; 0             ;
; state.ST_START ; 0             ; 0             ; 1              ; 1             ; 0             ;
; state.ST_DATA  ; 0             ; 1             ; 0              ; 1             ; 0             ;
; state.ST_STOP  ; 1             ; 0             ; 0              ; 1             ; 0             ;
; state.ST_DONE  ; 0             ; 0             ; 0              ; 1             ; 1             ;
+----------------+---------------+---------------+----------------+---------------+---------------+


+---------------------------------------------------------------+
; Registers Removed During Synthesis                            ;
+---------------------------------------+-----------------------+
; Register name                         ; Reason for Removal    ;
+---------------------------------------+-----------------------+
; uart_tx_fixed:tx_inst|state~8         ; Lost fanout           ;
; uart_tx_fixed:tx_inst|state~9         ; Lost fanout           ;
; uart_rx:rx_inst|state~9               ; Lost fanout           ;
; uart_rx:rx_inst|state~10              ; Lost fanout           ;
; fsm_rx_pop                            ; Merged with wait_fifo ;
; Total Number of Removed Registers = 5 ;                       ;
+---------------------------------------+-----------------------+


+------------------------------------------------------+
; General Register Statistics                          ;
+----------------------------------------------+-------+
; Statistic                                    ; Value ;
+----------------------------------------------+-------+
; Total registers                              ; 178   ;
; Number of registers using Synchronous Clear  ; 0     ;
; Number of registers using Synchronous Load   ; 0     ;
; Number of registers using Asynchronous Clear ; 112   ;
; Number of registers using Asynchronous Load  ; 0     ;
; Number of registers using Clock Enable       ; 76    ;
; Number of registers using Preset             ; 0     ;
+----------------------------------------------+-------+


+--------------------------------------------------+
; Inverted Register Statistics                     ;
+----------------------------------------+---------+
; Inverted Register                      ; Fan out ;
+----------------------------------------+---------+
; uart_tx_fixed:tx_inst|tx               ; 5       ;
; Total number of inverted registers = 1 ;         ;
+----------------------------------------+---------+


+----------------------------------------------------------------------------+
; Registers Added for RAM Pass-Through Logic                                 ;
+-------------------------------------------+--------------------------------+
; Register Name                             ; RAM Name                       ;
+-------------------------------------------+--------------------------------+
; fifo:rx_fifo_inst|memory_rtl_0_bypass[0]  ; fifo:rx_fifo_inst|memory_rtl_0 ;
; fifo:rx_fifo_inst|memory_rtl_0_bypass[1]  ; fifo:rx_fifo_inst|memory_rtl_0 ;
; fifo:rx_fifo_inst|memory_rtl_0_bypass[2]  ; fifo:rx_fifo_inst|memory_rtl_0 ;
; fifo:rx_fifo_inst|memory_rtl_0_bypass[3]  ; fifo:rx_fifo_inst|memory_rtl_0 ;
; fifo:rx_fifo_inst|memory_rtl_0_bypass[4]  ; fifo:rx_fifo_inst|memory_rtl_0 ;
; fifo:rx_fifo_inst|memory_rtl_0_bypass[5]  ; fifo:rx_fifo_inst|memory_rtl_0 ;
; fifo:rx_fifo_inst|memory_rtl_0_bypass[6]  ; fifo:rx_fifo_inst|memory_rtl_0 ;
; fifo:rx_fifo_inst|memory_rtl_0_bypass[7]  ; fifo:rx_fifo_inst|memory_rtl_0 ;
; fifo:rx_fifo_inst|memory_rtl_0_bypass[8]  ; fifo:rx_fifo_inst|memory_rtl_0 ;
; fifo:rx_fifo_inst|memory_rtl_0_bypass[9]  ; fifo:rx_fifo_inst|memory_rtl_0 ;
; fifo:rx_fifo_inst|memory_rtl_0_bypass[10] ; fifo:rx_fifo_inst|memory_rtl_0 ;
; fifo:rx_fifo_inst|memory_rtl_0_bypass[11] ; fifo:rx_fifo_inst|memory_rtl_0 ;
; fifo:rx_fifo_inst|memory_rtl_0_bypass[12] ; fifo:rx_fifo_inst|memory_rtl_0 ;
; fifo:rx_fifo_inst|memory_rtl_0_bypass[13] ; fifo:rx_fifo_inst|memory_rtl_0 ;
; fifo:rx_fifo_inst|memory_rtl_0_bypass[14] ; fifo:rx_fifo_inst|memory_rtl_0 ;
; fifo:rx_fifo_inst|memory_rtl_0_bypass[15] ; fifo:rx_fifo_inst|memory_rtl_0 ;
; fifo:rx_fifo_inst|memory_rtl_0_bypass[16] ; fifo:rx_fifo_inst|memory_rtl_0 ;
; fifo:tx_fifo_inst|memory_rtl_0_bypass[0]  ; fifo:tx_fifo_inst|memory_rtl_0 ;
; fifo:tx_fifo_inst|memory_rtl_0_bypass[1]  ; fifo:tx_fifo_inst|memory_rtl_0 ;
; fifo:tx_fifo_inst|memory_rtl_0_bypass[2]  ; fifo:tx_fifo_inst|memory_rtl_0 ;
; fifo:tx_fifo_inst|memory_rtl_0_bypass[3]  ; fifo:tx_fifo_inst|memory_rtl_0 ;
; fifo:tx_fifo_inst|memory_rtl_0_bypass[4]  ; fifo:tx_fifo_inst|memory_rtl_0 ;
; fifo:tx_fifo_inst|memory_rtl_0_bypass[5]  ; fifo:tx_fifo_inst|memory_rtl_0 ;
; fifo:tx_fifo_inst|memory_rtl_0_bypass[6]  ; fifo:tx_fifo_inst|memory_rtl_0 ;
; fifo:tx_fifo_inst|memory_rtl_0_bypass[7]  ; fifo:tx_fifo_inst|memory_rtl_0 ;
; fifo:tx_fifo_inst|memory_rtl_0_bypass[8]  ; fifo:tx_fifo_inst|memory_rtl_0 ;
; fifo:tx_fifo_inst|memory_rtl_0_bypass[9]  ; fifo:tx_fifo_inst|memory_rtl_0 ;
; fifo:tx_fifo_inst|memory_rtl_0_bypass[10] ; fifo:tx_fifo_inst|memory_rtl_0 ;
; fifo:tx_fifo_inst|memory_rtl_0_bypass[11] ; fifo:tx_fifo_inst|memory_rtl_0 ;
; fifo:tx_fifo_inst|memory_rtl_0_bypass[12] ; fifo:tx_fifo_inst|memory_rtl_0 ;
; fifo:tx_fifo_inst|memory_rtl_0_bypass[13] ; fifo:tx_fifo_inst|memory_rtl_0 ;
; fifo:tx_fifo_inst|memory_rtl_0_bypass[14] ; fifo:tx_fifo_inst|memory_rtl_0 ;
; fifo:tx_fifo_inst|memory_rtl_0_bypass[15] ; fifo:tx_fifo_inst|memory_rtl_0 ;
; fifo:tx_fifo_inst|memory_rtl_0_bypass[16] ; fifo:tx_fifo_inst|memory_rtl_0 ;
+-------------------------------------------+--------------------------------+


+----------------------------------------------------------------------------------------------------------------------------------------------------------------------+
; Multiplexer Restructuring Statistics (Restructuring Performed)                                                                                                       ;
+--------------------+-----------+---------------+----------------------+------------------------+------------+--------------------------------------------------------+
; Multiplexer Inputs ; Bus Width ; Baseline Area ; Area if Restructured ; Saving if Restructured ; Registered ; Example Multiplexer Output                             ;
+--------------------+-----------+---------------+----------------------+------------------------+------------+--------------------------------------------------------+
; 5:1                ; 2 bits    ; 6 LEs         ; 4 LEs                ; 2 LEs                  ; Yes        ; |uart_top_with_fifo|p_state[0]                         ;
; 5:1                ; 3 bits    ; 9 LEs         ; 3 LEs                ; 6 LEs                  ; Yes        ; |uart_top_with_fifo|uart_rx:rx_inst|bit_cnt[0]         ;
; 7:1                ; 7 bits    ; 28 LEs        ; 14 LEs               ; 14 LEs                 ; Yes        ; |uart_top_with_fifo|uart_tx_fixed:tx_inst|shift_reg[6] ;
; 11:1               ; 4 bits    ; 28 LEs        ; 4 LEs                ; 24 LEs                 ; Yes        ; |uart_top_with_fifo|uart_rx:rx_inst|s_tick_cnt[0]      ;
; 3:1                ; 4 bits    ; 8 LEs         ; 8 LEs                ; 0 LEs                  ; No         ; |uart_top_with_fifo|uart_tx_fixed:tx_inst|s_tick_cnt   ;
; 3:1                ; 3 bits    ; 6 LEs         ; 6 LEs                ; 0 LEs                  ; No         ; |uart_top_with_fifo|uart_tx_fixed:tx_inst|bit_cnt      ;
; 3:1                ; 8 bits    ; 16 LEs        ; 16 LEs               ; 0 LEs                  ; No         ; |uart_top_with_fifo|fifo:rx_fifo_inst|memory           ;
; 7:1                ; 2 bits    ; 8 LEs         ; 8 LEs                ; 0 LEs                  ; No         ; |uart_top_with_fifo|Mux4                               ;
; 6:1                ; 2 bits    ; 8 LEs         ; 4 LEs                ; 4 LEs                  ; No         ; |uart_top_with_fifo|uart_tx_fixed:tx_inst|Selector20   ;
; 8:1                ; 2 bits    ; 10 LEs        ; 4 LEs                ; 6 LEs                  ; No         ; |uart_top_with_fifo|uart_tx_fixed:tx_inst|Selector19   ;
; 9:1                ; 5 bits    ; 30 LEs        ; 20 LEs               ; 10 LEs                 ; No         ; |uart_top_with_fifo|uart_rx:rx_inst|Selector4          ;
+--------------------+-----------+---------------+----------------------+------------------------+------------+--------------------------------------------------------+


+-------------------------------------------------------------------------------------------------+
; Source assignments for fifo:rx_fifo_inst|altsyncram:memory_rtl_0|altsyncram_5pd1:auto_generated ;
+---------------------------------+--------------------+------+-----------------------------------+
; Assignment                      ; Value              ; From ; To                                ;
+---------------------------------+--------------------+------+-----------------------------------+
; OPTIMIZE_POWER_DURING_SYNTHESIS ; NORMAL_COMPILATION ; -    ; -                                 ;
+---------------------------------+--------------------+------+-----------------------------------+


+-------------------------------------------------------------------------------------------------+
; Source assignments for fifo:tx_fifo_inst|altsyncram:memory_rtl_0|altsyncram_5pd1:auto_generated ;
+---------------------------------+--------------------+------+-----------------------------------+
; Assignment                      ; Value              ; From ; To                                ;
+---------------------------------+--------------------+------+-----------------------------------+
; OPTIMIZE_POWER_DURING_SYNTHESIS ; NORMAL_COMPILATION ; -    ; -                                 ;
+---------------------------------+--------------------+------+-----------------------------------+


+------------------------------------------------------------------------------------+
; Parameter Settings for User Entity Instance: Top-level Entity: |uart_top_with_fifo ;
+----------------+----------+--------------------------------------------------------+
; Parameter Name ; Value    ; Type                                                   ;
+----------------+----------+--------------------------------------------------------+
; CLK_FREQ       ; 50000000 ; Signed Integer                                         ;
; BAUD           ; 115200   ; Signed Integer                                         ;
; FIFO_DEPTH     ; 16       ; Signed Integer                                         ;
; LOOPBACK       ; 1        ; Signed Integer                                         ;
+----------------+----------+--------------------------------------------------------+
Note: In order to hide this table in the UI and the text report file, please set the "Show Parameter Settings in Synthesis Report" option in "Analysis and Synthesis Settings -> More Settings" to "Off".


+---------------------------------------------------------------------------+
; Parameter Settings for User Entity Instance: baud_gen_fixed:baud_gen_inst ;
+----------------+----------+-----------------------------------------------+
; Parameter Name ; Value    ; Type                                          ;
+----------------+----------+-----------------------------------------------+
; N              ; 27       ; Signed Integer                                ;
; BAUD           ; 115200   ; Signed Integer                                ;
; CLK_FREQ       ; 50000000 ; Signed Integer                                ;
+----------------+----------+-----------------------------------------------+
Note: In order to hide this table in the UI and the text report file, please set the "Show Parameter Settings in Synthesis Report" option in "Analysis and Synthesis Settings -> More Settings" to "Off".


+----------------------------------------------------------------+
; Parameter Settings for User Entity Instance: fifo:rx_fifo_inst ;
+----------------+-------+---------------------------------------+
; Parameter Name ; Value ; Type                                  ;
+----------------+-------+---------------------------------------+
; DATA_WIDTH     ; 8     ; Signed Integer                        ;
; FIFO_DEPTH     ; 16    ; Signed Integer                        ;
+----------------+-------+---------------------------------------+
Note: In order to hide this table in the UI and the text report file, please set the "Show Parameter Settings in Synthesis Report" option in "Analysis and Synthesis Settings -> More Settings" to "Off".


+----------------------------------------------------------------+
; Parameter Settings for User Entity Instance: fifo:tx_fifo_inst ;
+----------------+-------+---------------------------------------+
; Parameter Name ; Value ; Type                                  ;
+----------------+-------+---------------------------------------+
; DATA_WIDTH     ; 8     ; Signed Integer                        ;
; FIFO_DEPTH     ; 16    ; Signed Integer                        ;
+----------------+-------+---------------------------------------+
Note: In order to hide this table in the UI and the text report file, please set the "Show Parameter Settings in Synthesis Report" option in "Analysis and Synthesis Settings -> More Settings" to "Off".


+--------------------------------------------------------------------------------------------+
; Parameter Settings for Inferred Entity Instance: fifo:rx_fifo_inst|altsyncram:memory_rtl_0 ;
+------------------------------------+----------------------+--------------------------------+
; Parameter Name                     ; Value                ; Type                           ;
+------------------------------------+----------------------+--------------------------------+
; BYTE_SIZE_BLOCK                    ; 8                    ; Untyped                        ;
; AUTO_CARRY_CHAINS                  ; ON                   ; AUTO_CARRY                     ;
; IGNORE_CARRY_BUFFERS               ; OFF                  ; IGNORE_CARRY                   ;
; AUTO_CASCADE_CHAINS                ; ON                   ; AUTO_CASCADE                   ;
; IGNORE_CASCADE_BUFFERS             ; OFF                  ; IGNORE_CASCADE                 ;
; WIDTH_BYTEENA                      ; 1                    ; Untyped                        ;
; OPERATION_MODE                     ; DUAL_PORT            ; Untyped                        ;
; WIDTH_A                            ; 8                    ; Untyped                        ;
; WIDTHAD_A                          ; 4                    ; Untyped                        ;
; NUMWORDS_A                         ; 16                   ; Untyped                        ;
; OUTDATA_REG_A                      ; UNREGISTERED         ; Untyped                        ;
; ADDRESS_ACLR_A                     ; NONE                 ; Untyped                        ;
; OUTDATA_ACLR_A                     ; NONE                 ; Untyped                        ;
; WRCONTROL_ACLR_A                   ; NONE                 ; Untyped                        ;
; INDATA_ACLR_A                      ; NONE                 ; Untyped                        ;
; BYTEENA_ACLR_A                     ; NONE                 ; Untyped                        ;
; WIDTH_B                            ; 8                    ; Untyped                        ;
; WIDTHAD_B                          ; 4                    ; Untyped                        ;
; NUMWORDS_B                         ; 16                   ; Untyped                        ;
; INDATA_REG_B                       ; CLOCK1               ; Untyped                        ;
; WRCONTROL_WRADDRESS_REG_B          ; CLOCK1               ; Untyped                        ;
; RDCONTROL_REG_B                    ; CLOCK1               ; Untyped                        ;
; ADDRESS_REG_B                      ; CLOCK0               ; Untyped                        ;
; OUTDATA_REG_B                      ; UNREGISTERED         ; Untyped                        ;
; BYTEENA_REG_B                      ; CLOCK1               ; Untyped                        ;
; INDATA_ACLR_B                      ; NONE                 ; Untyped                        ;
; WRCONTROL_ACLR_B                   ; NONE                 ; Untyped                        ;
; ADDRESS_ACLR_B                     ; NONE                 ; Untyped                        ;
; OUTDATA_ACLR_B                     ; NONE                 ; Untyped                        ;
; RDCONTROL_ACLR_B                   ; NONE                 ; Untyped                        ;
; BYTEENA_ACLR_B                     ; NONE                 ; Untyped                        ;
; WIDTH_BYTEENA_A                    ; 1                    ; Untyped                        ;
; WIDTH_BYTEENA_B                    ; 1                    ; Untyped                        ;
; RAM_BLOCK_TYPE                     ; AUTO                 ; Untyped                        ;
; BYTE_SIZE                          ; 8                    ; Untyped                        ;
; READ_DURING_WRITE_MODE_MIXED_PORTS ; DONT_CARE            ; Untyped                        ;
; READ_DURING_WRITE_MODE_PORT_A      ; NEW_DATA_NO_NBE_READ ; Untyped                        ;
; READ_DURING_WRITE_MODE_PORT_B      ; NEW_DATA_NO_NBE_READ ; Untyped                        ;
; INIT_FILE                          ; UNUSED               ; Untyped                        ;
; INIT_FILE_LAYOUT                   ; PORT_A               ; Untyped                        ;
; MAXIMUM_DEPTH                      ; 0                    ; Untyped                        ;
; CLOCK_ENABLE_INPUT_A               ; NORMAL               ; Untyped                        ;
; CLOCK_ENABLE_INPUT_B               ; NORMAL               ; Untyped                        ;
; CLOCK_ENABLE_OUTPUT_A              ; NORMAL               ; Untyped                        ;
; CLOCK_ENABLE_OUTPUT_B              ; NORMAL               ; Untyped                        ;
; CLOCK_ENABLE_CORE_A                ; USE_INPUT_CLKEN      ; Untyped                        ;
; CLOCK_ENABLE_CORE_B                ; USE_INPUT_CLKEN      ; Untyped                        ;
; ENABLE_ECC                         ; FALSE                ; Untyped                        ;
; ECC_PIPELINE_STAGE_ENABLED         ; FALSE                ; Untyped                        ;
; WIDTH_ECCSTATUS                    ; 3                    ; Untyped                        ;
; DEVICE_FAMILY                      ; Cyclone IV E         ; Untyped                        ;
; CBXI_PARAMETER                     ; altsyncram_5pd1      ; Untyped                        ;
+------------------------------------+----------------------+--------------------------------+
Note: In order to hide this table in the UI and the text report file, please set the "Show Parameter Settings in Synthesis Report" option in "Analysis and Synthesis Settings -> More Settings" to "Off".


+--------------------------------------------------------------------------------------------+
; Parameter Settings for Inferred Entity Instance: fifo:tx_fifo_inst|altsyncram:memory_rtl_0 ;
+------------------------------------+----------------------+--------------------------------+
; Parameter Name                     ; Value                ; Type                           ;
+------------------------------------+----------------------+--------------------------------+
; BYTE_SIZE_BLOCK                    ; 8                    ; Untyped                        ;
; AUTO_CARRY_CHAINS                  ; ON                   ; AUTO_CARRY                     ;
; IGNORE_CARRY_BUFFERS               ; OFF                  ; IGNORE_CARRY                   ;
; AUTO_CASCADE_CHAINS                ; ON                   ; AUTO_CASCADE                   ;
; IGNORE_CASCADE_BUFFERS             ; OFF                  ; IGNORE_CASCADE                 ;
; WIDTH_BYTEENA                      ; 1                    ; Untyped                        ;
; OPERATION_MODE                     ; DUAL_PORT            ; Untyped                        ;
; WIDTH_A                            ; 8                    ; Untyped                        ;
; WIDTHAD_A                          ; 4                    ; Untyped                        ;
; NUMWORDS_A                         ; 16                   ; Untyped                        ;
; OUTDATA_REG_A                      ; UNREGISTERED         ; Untyped                        ;
; ADDRESS_ACLR_A                     ; NONE                 ; Untyped                        ;
; OUTDATA_ACLR_A                     ; NONE                 ; Untyped                        ;
; WRCONTROL_ACLR_A                   ; NONE                 ; Untyped                        ;
; INDATA_ACLR_A                      ; NONE                 ; Untyped                        ;
; BYTEENA_ACLR_A                     ; NONE                 ; Untyped                        ;
; WIDTH_B                            ; 8                    ; Untyped                        ;
; WIDTHAD_B                          ; 4                    ; Untyped                        ;
; NUMWORDS_B                         ; 16                   ; Untyped                        ;
; INDATA_REG_B                       ; CLOCK1               ; Untyped                        ;
; WRCONTROL_WRADDRESS_REG_B          ; CLOCK1               ; Untyped                        ;
; RDCONTROL_REG_B                    ; CLOCK1               ; Untyped                        ;
; ADDRESS_REG_B                      ; CLOCK0               ; Untyped                        ;
; OUTDATA_REG_B                      ; UNREGISTERED         ; Untyped                        ;
; BYTEENA_REG_B                      ; CLOCK1               ; Untyped                        ;
; INDATA_ACLR_B                      ; NONE                 ; Untyped                        ;
; WRCONTROL_ACLR_B                   ; NONE                 ; Untyped                        ;
; ADDRESS_ACLR_B                     ; NONE                 ; Untyped                        ;
; OUTDATA_ACLR_B                     ; NONE                 ; Untyped                        ;
; RDCONTROL_ACLR_B                   ; NONE                 ; Untyped                        ;
; BYTEENA_ACLR_B                     ; NONE                 ; Untyped                        ;
; WIDTH_BYTEENA_A                    ; 1                    ; Untyped                        ;
; WIDTH_BYTEENA_B                    ; 1                    ; Untyped                        ;
; RAM_BLOCK_TYPE                     ; AUTO                 ; Untyped                        ;
; BYTE_SIZE                          ; 8                    ; Untyped                        ;
; READ_DURING_WRITE_MODE_MIXED_PORTS ; DONT_CARE            ; Untyped                        ;
; READ_DURING_WRITE_MODE_PORT_A      ; NEW_DATA_NO_NBE_READ ; Untyped                        ;
; READ_DURING_WRITE_MODE_PORT_B      ; NEW_DATA_NO_NBE_READ ; Untyped                        ;
; INIT_FILE                          ; UNUSED               ; Untyped                        ;
; INIT_FILE_LAYOUT                   ; PORT_A               ; Untyped                        ;
; MAXIMUM_DEPTH                      ; 0                    ; Untyped                        ;
; CLOCK_ENABLE_INPUT_A               ; NORMAL               ; Untyped                        ;
; CLOCK_ENABLE_INPUT_B               ; NORMAL               ; Untyped                        ;
; CLOCK_ENABLE_OUTPUT_A              ; NORMAL               ; Untyped                        ;
; CLOCK_ENABLE_OUTPUT_B              ; NORMAL               ; Untyped                        ;
; CLOCK_ENABLE_CORE_A                ; USE_INPUT_CLKEN      ; Untyped                        ;
; CLOCK_ENABLE_CORE_B                ; USE_INPUT_CLKEN      ; Untyped                        ;
; ENABLE_ECC                         ; FALSE                ; Untyped                        ;
; ECC_PIPELINE_STAGE_ENABLED         ; FALSE                ; Untyped                        ;
; WIDTH_ECCSTATUS                    ; 3                    ; Untyped                        ;
; DEVICE_FAMILY                      ; Cyclone IV E         ; Untyped                        ;
; CBXI_PARAMETER                     ; altsyncram_5pd1      ; Untyped                        ;
+------------------------------------+----------------------+--------------------------------+
Note: In order to hide this table in the UI and the text report file, please set the "Show Parameter Settings in Synthesis Report" option in "Analysis and Synthesis Settings -> More Settings" to "Off".


+---------------------------------------------------------------------------------------+
; altsyncram Parameter Settings by Entity Instance                                      ;
+-------------------------------------------+-------------------------------------------+
; Name                                      ; Value                                     ;
+-------------------------------------------+-------------------------------------------+
; Number of entity instances                ; 2                                         ;
; Entity Instance                           ; fifo:rx_fifo_inst|altsyncram:memory_rtl_0 ;
;     -- OPERATION_MODE                     ; DUAL_PORT                                 ;
;     -- WIDTH_A                            ; 8                                         ;
;     -- NUMWORDS_A                         ; 16                                        ;
;     -- OUTDATA_REG_A                      ; UNREGISTERED                              ;
;     -- WIDTH_B                            ; 8                                         ;
;     -- NUMWORDS_B                         ; 16                                        ;
;     -- ADDRESS_REG_B                      ; CLOCK0                                    ;
;     -- OUTDATA_REG_B                      ; UNREGISTERED                              ;
;     -- RAM_BLOCK_TYPE                     ; AUTO                                      ;
;     -- READ_DURING_WRITE_MODE_MIXED_PORTS ; DONT_CARE                                 ;
; Entity Instance                           ; fifo:tx_fifo_inst|altsyncram:memory_rtl_0 ;
;     -- OPERATION_MODE                     ; DUAL_PORT                                 ;
;     -- WIDTH_A                            ; 8                                         ;
;     -- NUMWORDS_A                         ; 16                                        ;
;     -- OUTDATA_REG_A                      ; UNREGISTERED                              ;
;     -- WIDTH_B                            ; 8                                         ;
;     -- NUMWORDS_B                         ; 16                                        ;
;     -- ADDRESS_REG_B                      ; CLOCK0                                    ;
;     -- OUTDATA_REG_B                      ; UNREGISTERED                              ;
;     -- RAM_BLOCK_TYPE                     ; AUTO                                      ;
;     -- READ_DURING_WRITE_MODE_MIXED_PORTS ; DONT_CARE                                 ;
+-------------------------------------------+-------------------------------------------+


+------------------------------------------------------------------------------------------------------------------------+
; Port Connectivity Checks: "fifo:tx_fifo_inst"                                                                          ;
+--------------+--------+----------+-------------------------------------------------------------------------------------+
; Port         ; Type   ; Severity ; Details                                                                             ;
+--------------+--------+----------+-------------------------------------------------------------------------------------+
; almost_full  ; Output ; Info     ; Explicitly unconnected                                                              ;
; almost_empty ; Output ; Info     ; Explicitly unconnected                                                              ;
; data_count   ; Output ; Info     ; Connected to dangling logic. Logic that only feeds a dangling port will be removed. ;
+--------------+--------+----------+-------------------------------------------------------------------------------------+


+------------------------------------------------------------------------------------------------------------------------+
; Port Connectivity Checks: "fifo:rx_fifo_inst"                                                                          ;
+--------------+--------+----------+-------------------------------------------------------------------------------------+
; Port         ; Type   ; Severity ; Details                                                                             ;
+--------------+--------+----------+-------------------------------------------------------------------------------------+
; almost_full  ; Output ; Info     ; Explicitly unconnected                                                              ;
; almost_empty ; Output ; Info     ; Explicitly unconnected                                                              ;
; data_count   ; Output ; Info     ; Connected to dangling logic. Logic that only feeds a dangling port will be removed. ;
+--------------+--------+----------+-------------------------------------------------------------------------------------+


+-------------------------------------------------------------------------------------------------------------------+
; Port Connectivity Checks: "uart_tx_fixed:tx_inst"                                                                 ;
+---------+--------+----------+-------------------------------------------------------------------------------------+
; Port    ; Type   ; Severity ; Details                                                                             ;
+---------+--------+----------+-------------------------------------------------------------------------------------+
; tx_busy ; Output ; Info     ; Connected to dangling logic. Logic that only feeds a dangling port will be removed. ;
+---------+--------+----------+-------------------------------------------------------------------------------------+


+-----------------------------------------------------+
; Post-Synthesis Netlist Statistics for Top Partition ;
+-----------------------+-----------------------------+
; Type                  ; Count                       ;
+-----------------------+-----------------------------+
; boundary_port         ; 31                          ;
; cycloneiii_ff         ; 178                         ;
;     CLR               ; 68                          ;
;     ENA               ; 32                          ;
;     ENA CLR           ; 44                          ;
;     plain             ; 34                          ;
; cycloneiii_lcell_comb ; 251                         ;
;     arith             ; 41                          ;
;         2 data inputs ; 31                          ;
;         3 data inputs ; 10                          ;
;     normal            ; 210                         ;
;         1 data inputs ; 12                          ;
;         2 data inputs ; 18                          ;
;         3 data inputs ; 65                          ;
;         4 data inputs ; 115                         ;
; cycloneiii_ram_block  ; 16                          ;
;                       ;                             ;
; Max LUT depth         ; 6.00                        ;
; Average LUT depth     ; 3.44                        ;
+-----------------------+-----------------------------+


+-------------------------------+
; Elapsed Time Per Partition    ;
+----------------+--------------+
; Partition Name ; Elapsed Time ;
+----------------+--------------+
; Top            ; 00:00:03     ;
+----------------+--------------+


+-------------------------------+
; Analysis & Synthesis Messages ;
+-------------------------------+
Info: *******************************************************************
Info: Running Quartus Prime Analysis & Synthesis
    Info: Version 18.1.0 Build 625 09/12/2018 SJ Lite Edition
    Info: Processing started: Sun Mar 29 19:18:41 2026
Info: Command: quartus_map --read_settings_files=on --write_settings_files=off uart -c uart
Warning (18236): Number of processors has not been specified which may cause overloading on shared machines.  Set the global assignment NUM_PARALLEL_PROCESSORS in your QSF to an appropriate value for best performance.
Info (20029): Only one processor detected - disabling parallel compilation
Info (12021): Found 1 design units, including 1 entities, in source file uart_tx_fixed.v
    Info (12023): Found entity 1: uart_tx_fixed File: /home/vboxuser/Desktop/UART-Command-Data-System-V2-main/RTL/uart_tx_fixed.v Line: 2
Info (12021): Found 1 design units, including 1 entities, in source file uart_top_with_fifo.v
    Info (12023): Found entity 1: uart_top_with_fifo File: /home/vboxuser/Desktop/UART-Command-Data-System-V2-main/RTL/uart_top_with_fifo.v Line: 1
Info (12021): Found 1 design units, including 1 entities, in source file uart_rx.v
    Info (12023): Found entity 1: uart_rx File: /home/vboxuser/Desktop/UART-Command-Data-System-V2-main/RTL/uart_rx.v Line: 1
Info (12021): Found 1 design units, including 1 entities, in source file fifo.v
    Info (12023): Found entity 1: fifo File: /home/vboxuser/Desktop/UART-Command-Data-System-V2-main/RTL/fifo.v Line: 1
Info (12021): Found 1 design units, including 1 entities, in source file baud_gen_fixed.v
    Info (12023): Found entity 1: baud_gen_fixed File: /home/vboxuser/Desktop/UART-Command-Data-System-V2-main/RTL/baud_gen_fixed.v Line: 1
Info (12127): Elaborating entity "uart_top_with_fifo" for the top level hierarchy
Warning (10036): Verilog HDL or VHDL warning at uart_top_with_fifo.v(36): object "reg_file" assigned a value but never read File: /home/vboxuser/Desktop/UART-Command-Data-System-V2-main/RTL/uart_top_with_fifo.v Line: 36
Info (12128): Elaborating entity "baud_gen_fixed" for hierarchy "baud_gen_fixed:baud_gen_inst" File: /home/vboxuser/Desktop/UART-Command-Data-System-V2-main/RTL/uart_top_with_fifo.v Line: 51
Warning (10230): Verilog HDL assignment warning at baud_gen_fixed.v(34): truncated value with size 32 to match size of target (5) File: /home/vboxuser/Desktop/UART-Command-Data-System-V2-main/RTL/baud_gen_fixed.v Line: 34
Info (12128): Elaborating entity "uart_rx" for hierarchy "uart_rx:rx_inst" File: /home/vboxuser/Desktop/UART-Command-Data-System-V2-main/RTL/uart_top_with_fifo.v Line: 56
Warning (10230): Verilog HDL assignment warning at uart_rx.v(25): truncated value with size 32 to match size of target (4) File: /home/vboxuser/Desktop/UART-Command-Data-System-V2-main/RTL/uart_rx.v Line: 25
Warning (10230): Verilog HDL assignment warning at uart_rx.v(31): truncated value with size 32 to match size of target (3) File: /home/vboxuser/Desktop/UART-Command-Data-System-V2-main/RTL/uart_rx.v Line: 31
Warning (10230): Verilog HDL assignment warning at uart_rx.v(32): truncated value with size 32 to match size of target (4) File: /home/vboxuser/Desktop/UART-Command-Data-System-V2-main/RTL/uart_rx.v Line: 32
Warning (10230): Verilog HDL assignment warning at uart_rx.v(38): truncated value with size 32 to match size of target (4) File: /home/vboxuser/Desktop/UART-Command-Data-System-V2-main/RTL/uart_rx.v Line: 38
Info (12128): Elaborating entity "uart_tx_fixed" for hierarchy "uart_tx_fixed:tx_inst" File: /home/vboxuser/Desktop/UART-Command-Data-System-V2-main/RTL/uart_top_with_fifo.v Line: 61
Info (12128): Elaborating entity "fifo" for hierarchy "fifo:rx_fifo_inst" File: /home/vboxuser/Desktop/UART-Command-Data-System-V2-main/RTL/uart_top_with_fifo.v Line: 71
Warning (10036): Verilog HDL or VHDL warning at fifo.v(24): object "mem" assigned a value but never read File: /home/vboxuser/Desktop/UART-Command-Data-System-V2-main/RTL/fifo.v Line: 24
Warning (276020): Inferred RAM node "fifo:rx_fifo_inst|memory_rtl_0" from synchronous design logic.  Pass-through logic has been added to match the read-during-write behavior of the original design.
Warning (276020): Inferred RAM node "fifo:tx_fifo_inst|memory_rtl_0" from synchronous design logic.  Pass-through logic has been added to match the read-during-write behavior of the original design.
Info (19000): Inferred 2 megafunctions from design logic
    Info (276029): Inferred altsyncram megafunction from the following design logic: "fifo:rx_fifo_inst|memory_rtl_0" 
        Info (286033): Parameter OPERATION_MODE set to DUAL_PORT
        Info (286033): Parameter WIDTH_A set to 8
        Info (286033): Parameter WIDTHAD_A set to 4
        Info (286033): Parameter NUMWORDS_A set to 16
        Info (286033): Parameter WIDTH_B set to 8
        Info (286033): Parameter WIDTHAD_B set to 4
        Info (286033): Parameter NUMWORDS_B set to 16
        Info (286033): Parameter ADDRESS_ACLR_A set to NONE
        Info (286033): Parameter OUTDATA_REG_B set to UNREGISTERED
        Info (286033): Parameter ADDRESS_ACLR_B set to NONE
        Info (286033): Parameter OUTDATA_ACLR_B set to NONE
        Info (286033): Parameter ADDRESS_REG_B set to CLOCK0
        Info (286033): Parameter INDATA_ACLR_A set to NONE
        Info (286033): Parameter WRCONTROL_ACLR_A set to NONE
    Info (276029): Inferred altsyncram megafunction from the following design logic: "fifo:tx_fifo_inst|memory_rtl_0" 
        Info (286033): Parameter OPERATION_MODE set to DUAL_PORT
        Info (286033): Parameter WIDTH_A set to 8
        Info (286033): Parameter WIDTHAD_A set to 4
        Info (286033): Parameter NUMWORDS_A set to 16
        Info (286033): Parameter WIDTH_B set to 8
        Info (286033): Parameter WIDTHAD_B set to 4
        Info (286033): Parameter NUMWORDS_B set to 16
        Info (286033): Parameter ADDRESS_ACLR_A set to NONE
        Info (286033): Parameter OUTDATA_REG_B set to UNREGISTERED
        Info (286033): Parameter ADDRESS_ACLR_B set to NONE
        Info (286033): Parameter OUTDATA_ACLR_B set to NONE
        Info (286033): Parameter ADDRESS_REG_B set to CLOCK0
        Info (286033): Parameter INDATA_ACLR_A set to NONE
        Info (286033): Parameter WRCONTROL_ACLR_A set to NONE
Info (12130): Elaborated megafunction instantiation "fifo:rx_fifo_inst|altsyncram:memory_rtl_0"
Info (12133): Instantiated megafunction "fifo:rx_fifo_inst|altsyncram:memory_rtl_0" with the following parameter:
    Info (12134): Parameter "OPERATION_MODE" = "DUAL_PORT"
    Info (12134): Parameter "WIDTH_A" = "8"
    Info (12134): Parameter "WIDTHAD_A" = "4"
    Info (12134): Parameter "NUMWORDS_A" = "16"
    Info (12134): Parameter "WIDTH_B" = "8"
    Info (12134): Parameter "WIDTHAD_B" = "4"
    Info (12134): Parameter "NUMWORDS_B" = "16"
    Info (12134): Parameter "ADDRESS_ACLR_A" = "NONE"
    Info (12134): Parameter "OUTDATA_REG_B" = "UNREGISTERED"
    Info (12134): Parameter "ADDRESS_ACLR_B" = "NONE"
    Info (12134): Parameter "OUTDATA_ACLR_B" = "NONE"
    Info (12134): Parameter "ADDRESS_REG_B" = "CLOCK0"
    Info (12134): Parameter "INDATA_ACLR_A" = "NONE"
    Info (12134): Parameter "WRCONTROL_ACLR_A" = "NONE"
Info (12021): Found 1 design units, including 1 entities, in source file db/altsyncram_5pd1.tdf
    Info (12023): Found entity 1: altsyncram_5pd1 File: /home/vboxuser/Desktop/UART-Command-Data-System-V2-main/RTL/db/altsyncram_5pd1.tdf Line: 27
Info (13000): Registers with preset signals will power-up high File: /home/vboxuser/Desktop/UART-Command-Data-System-V2-main/RTL/uart_tx_fixed.v Line: 8
Info (13003): DEV_CLRn pin will set, and not reset, register with preset signal due to NOT Gate Push-Back
Info (286030): Timing-Driven Synthesis is running
Info (17049): 4 registers lost all their fanouts during netlist optimizations.
Info (16010): Generating hard_block partition "hard_block:auto_generated_inst"
    Info (16011): Adding 0 node(s), including 0 DDIO, 0 PLL, 0 transceiver and 0 LCELL
Warning (21074): Design contains 1 input pin(s) that do not drive logic
    Warning (15610): No output dependent on input pin "uart_rx" File: /home/vboxuser/Desktop/UART-Command-Data-System-V2-main/RTL/uart_top_with_fifo.v Line: 8
Info (21057): Implemented 380 device resources after synthesis - the final resource count might be different
    Info (21058): Implemented 13 input pins
    Info (21059): Implemented 18 output pins
    Info (21061): Implemented 333 logic cells
    Info (21064): Implemented 16 RAM segments
Info: Quartus Prime Analysis & Synthesis was successful. 0 errors, 12 warnings
    Info: Peak virtual memory: 946 megabytes
    Info: Processing ended: Sun Mar 29 19:19:17 2026
    Info: Elapsed time: 00:00:36
    Info: Total CPU time (on all processors): 00:00:29


